chocolate! Zh]t(sjnqERw1BHl{^-E wbattver password123 pmsswoxd123 chocolate!!! qwerty! eminem!!! eminem*** whatever**
jennifer!! password!** jT@]yvWf*}$c[j@bPEAS~SFcDh9})ZNqgLO=J~yc%wqm+B|`cZ_xUzGqtT!cRlKT rogfyou password!!! babygirl123456 654321123456 jqnnifeh password! vockyou
forever!!! iloveyou123 i(lust_you forever* i_lust_you rjv_PMW^QeIV|!0Q tweety! iloveyou*** vanessa* raU|s6}^jxVn!:mU+tY4wX{B;2UQo+(7
lovers** daniel** coffee* iloveu*** coffee daniki lovers!!! princess*** iloveu! princess123
gskBlL6Z>qb6lZS()8(CWX1.B+b+m[6{ hottie** tigger*** princesa123 security_and_privacy hottie!! duckqoj security_and^privacy princesa* security_and_privacy!
